// Jest Snapshot v1, https://goo.gl/fbAQLP

exports[`GoalItem snapshots basic render 1`] = `
<RNE_ListItem
  bottomDivider={true}
  chevron={true}
  containerStyle={
    Object {
      "backgroundColor": "transparent",
      "flex": 1,
    }
  }
  leftIcon={
    Object {
      "color": "white",
      "name": "target",
      "type": "foundation",
    }
  }
  onPress={[MockFunction]}
  subtitle={
    <Progress
      current={1}
      end={2}
      start={1}
      type="simple"
    />
  }
  subtitleStyle={
    Object {
      "marginLeft": 5,
    }
  }
  title="title"
  titleStyle={
    Object {
      "color": "white",
    }
  }
  underlayColor="blue"
/>
`;
